// Jest Snapshot v1, https://goo.gl/fbAQLP

exports[`Shallow Renders InputMetricRow 1`] = `
<div
  className="job-table-row"
  onClick={[Function]}
  onKeyDown={[Function]}
  role="presentation"
/>
`;
