// Jest Snapshot v1, https://goo.gl/fbAQLP

exports[`Shallow Renders SelectColumnFilter 1`] = `
<CheckboxFilter
  addedClass=""
  applyClass="b--mat b--affirmative text-upper"
  checkboxes={Array []}
  input={
    <input
      onChange={[Function]}
      type="text"
    />
  }
  onApply={[Function]}
  onCancel={[Function]}
  onClearFilters={[Function]}
  onHideAll={[Function]}
  submitSearchText={[Function]}
/>
`;
