// Jest Snapshot v1, https://goo.gl/fbAQLP

exports[`Shallow Renders Tooltip 1`] = `
<span
  className="tooltip"
/>
`;
