// Jest Snapshot v1, https://goo.gl/fbAQLP

exports[`Shallow Render Duration Cell 1`] = `
<p
  className="job-cell duration-cell row-0"
/>
`;
