// Jest Snapshot v1, https://goo.gl/fbAQLP

exports[`Shallow Renders HoverCell 1`] = `
<div
  className="job-cell-hover"
  data-class="hover-cell"
  onMouseLeave={[Function]}
>
  <p />
</div>
`;
