// Jest Snapshot v1, https://goo.gl/fbAQLP

exports[`Shallow Renders Status Cell 1`] = `
<span
  className="status-cell  row-0"
>
  <span
    className="status-icon status-green"
  />
</span>
`;
