// Jest Snapshot v1, https://goo.gl/fbAQLP

exports[`Shallow Renders User Cell 1`] = `
<p
  className="job-cell user-cell"
/>
`;
