Successfully downloaded train-images-idx3-ubyte.gz 9912422 bytes.
Extracting /tmp/data/train-images-idx3-ubyte.gz
Successfully downloaded train-labels-idx1-ubyte.gz 28881 bytes.
Extracting /tmp/data/train-labels-idx1-ubyte.gz
Successfully downloaded t10k-images-idx3-ubyte.gz 1648877 bytes.
Extracting /tmp/data/t10k-images-idx3-ubyte.gz
Successfully downloaded t10k-labels-idx1-ubyte.gz 4542 bytes.
Extracting /tmp/data/t10k-labels-idx1-ubyte.gz
Iter 1280, Minibatch Loss= 1.801345, Training Accuracy= 0.39062
Iter 2560, Minibatch Loss= 1.442114, Training Accuracy= 0.47656
Iter 3840, Minibatch Loss= 1.101797, Training Accuracy= 0.61719
Iter 5120, Minibatch Loss= 0.995144, Training Accuracy= 0.69531
Iter 6400, Minibatch Loss= 0.928486, Training Accuracy= 0.69531
Iter 7680, Minibatch Loss= 0.767400, Training Accuracy= 0.70312
Iter 8960, Minibatch Loss= 0.689696, Training Accuracy= 0.78125
Iter 10240, Minibatch Loss= 0.558226, Training Accuracy= 0.78125
Iter 11520, Minibatch Loss= 0.411876, Training Accuracy= 0.87500
Iter 12800, Minibatch Loss= 0.363383, Training Accuracy= 0.86719
Iter 14080, Minibatch Loss= 0.386856, Training Accuracy= 0.89062
Iter 15360, Minibatch Loss= 0.396124, Training Accuracy= 0.92188
Iter 16640, Minibatch Loss= 0.311223, Training Accuracy= 0.90625
Iter 17920, Minibatch Loss= 0.299137, Training Accuracy= 0.89844
Iter 19200, Minibatch Loss= 0.348592, Training Accuracy= 0.89062
Iter 20480, Minibatch Loss= 0.297342, Training Accuracy= 0.92188
Iter 21760, Minibatch Loss= 0.336131, Training Accuracy= 0.91406
Iter 23040, Minibatch Loss= 0.225154, Training Accuracy= 0.94531
Iter 24320, Minibatch Loss= 0.194605, Training Accuracy= 0.95312
Iter 25600, Minibatch Loss= 0.165772, Training Accuracy= 0.94531
Iter 26880, Minibatch Loss= 0.213511, Training Accuracy= 0.96094
Iter 28160, Minibatch Loss= 0.229769, Training Accuracy= 0.92969
Iter 29440, Minibatch Loss= 0.187630, Training Accuracy= 0.92969
Iter 30720, Minibatch Loss= 0.227287, Training Accuracy= 0.93750
Iter 32000, Minibatch Loss= 0.268584, Training Accuracy= 0.92188
Iter 33280, Minibatch Loss= 0.252779, Training Accuracy= 0.92188
Iter 34560, Minibatch Loss= 0.175777, Training Accuracy= 0.92969
Iter 35840, Minibatch Loss= 0.278656, Training Accuracy= 0.89062
Iter 37120, Minibatch Loss= 0.162235, Training Accuracy= 0.96094
Iter 38400, Minibatch Loss= 0.176393, Training Accuracy= 0.93750
Iter 39680, Minibatch Loss= 0.158467, Training Accuracy= 0.96875
Iter 40960, Minibatch Loss= 0.270626, Training Accuracy= 0.91406
Iter 42240, Minibatch Loss= 0.147291, Training Accuracy= 0.97656
Iter 43520, Minibatch Loss= 0.220881, Training Accuracy= 0.91406
Iter 44800, Minibatch Loss= 0.196698, Training Accuracy= 0.95312
Iter 46080, Minibatch Loss= 0.055690, Training Accuracy= 0.98438
Iter 47360, Minibatch Loss= 0.162554, Training Accuracy= 0.95312
Iter 48640, Minibatch Loss= 0.252755, Training Accuracy= 0.94531
Iter 49920, Minibatch Loss= 0.154616, Training Accuracy= 0.92188
Iter 51200, Minibatch Loss= 0.285301, Training Accuracy= 0.92188
Iter 52480, Minibatch Loss= 0.189616, Training Accuracy= 0.92969
Iter 53760, Minibatch Loss= 0.131299, Training Accuracy= 0.96094
Iter 55040, Minibatch Loss= 0.187147, Training Accuracy= 0.93750
Iter 56320, Minibatch Loss= 0.113292, Training Accuracy= 0.95312
Iter 57600, Minibatch Loss= 0.058354, Training Accuracy= 0.99219
Iter 58880, Minibatch Loss= 0.139726, Training Accuracy= 0.93750
Iter 60160, Minibatch Loss= 0.155367, Training Accuracy= 0.96875
Iter 61440, Minibatch Loss= 0.158500, Training Accuracy= 0.94531
Iter 62720, Minibatch Loss= 0.149163, Training Accuracy= 0.96094
Iter 64000, Minibatch Loss= 0.120511, Training Accuracy= 0.96094
Iter 65280, Minibatch Loss= 0.157955, Training Accuracy= 0.95312
Iter 66560, Minibatch Loss= 0.150348, Training Accuracy= 0.95312
Iter 67840, Minibatch Loss= 0.082564, Training Accuracy= 0.97656
Iter 69120, Minibatch Loss= 0.131874, Training Accuracy= 0.98438
Iter 70400, Minibatch Loss= 0.063642, Training Accuracy= 0.97656
Iter 71680, Minibatch Loss= 0.134552, Training Accuracy= 0.96875
Iter 72960, Minibatch Loss= 0.129200, Training Accuracy= 0.95312
Iter 74240, Minibatch Loss= 0.171357, Training Accuracy= 0.96875
Iter 75520, Minibatch Loss= 0.093398, Training Accuracy= 0.96875
Iter 76800, Minibatch Loss= 0.041443, Training Accuracy= 0.99219
Iter 78080, Minibatch Loss= 0.088753, Training Accuracy= 0.96094
Iter 79360, Minibatch Loss= 0.112314, Training Accuracy= 0.96094
Iter 80640, Minibatch Loss= 0.079712, Training Accuracy= 0.97656
Iter 81920, Minibatch Loss= 0.186219, Training Accuracy= 0.92969
Iter 83200, Minibatch Loss= 0.055339, Training Accuracy= 0.97656
Iter 84480, Minibatch Loss= 0.073007, Training Accuracy= 0.98438
Iter 85760, Minibatch Loss= 0.050121, Training Accuracy= 0.99219
Iter 87040, Minibatch Loss= 0.055607, Training Accuracy= 0.99219
Iter 88320, Minibatch Loss= 0.088472, Training Accuracy= 0.97656
Iter 89600, Minibatch Loss= 0.097159, Training Accuracy= 0.96875
Iter 90880, Minibatch Loss= 0.112515, Training Accuracy= 0.96875
Iter 92160, Minibatch Loss= 0.055691, Training Accuracy= 0.96875
Iter 93440, Minibatch Loss= 0.135082, Training Accuracy= 0.96094
Iter 94720, Minibatch Loss= 0.118881, Training Accuracy= 0.96875
Iter 96000, Minibatch Loss= 0.108880, Training Accuracy= 0.97656
Iter 97280, Minibatch Loss= 0.111522, Training Accuracy= 0.95312
Iter 98560, Minibatch Loss= 0.146776, Training Accuracy= 0.96094
Iter 99840, Minibatch Loss= 0.068557, Training Accuracy= 0.98438
Optimization Finished!
Testing Accuracy: 1.0
