// Jest Snapshot v1, https://goo.gl/fbAQLP

exports[`Shallow Renders Job Table Row 1`] = `
<div
  className="job-table-row"
  onClick={[Function]}
  onKeydown={[Function]}
  role="presentation"
>
  <CancelJobCell
    job={
      Object {
        "status": "completed",
      }
    }
    onSuccessfullDeletion={[Function]}
  />
  <JobIDCell
    isError={false}
    jobID=""
    rowNumber={0}
  />
  <StartTimeCell
    expand={false}
    isError={false}
    rowNumber={0}
    startTime=""
    status="completed"
  />
  <StatusCell
    isError={false}
    rowNumber={0}
    status="completed"
  />
  <DurationCell
    days=""
    duration={0}
    hours=""
    isError={false}
    minutes=""
    rowNumber={0}
    seconds=""
  />
  <UserCell
    isError={false}
    rowNumber={0}
    user=""
  />
</div>
`;
