sdDevice mapping:
/job:localhost/replica:0/task:0/device:GPU:0 -> device: 0, name: Tesla P100-PCIE-16GB, pci bus id: 0000:00:04.0, compute capability: 6.0
/job:localhost/replica:0/task:0/device:GPU:1 -> device: 1, name: Tesla P100-PCIE-16GB, pci bus id: 0000:00:05.0, compute capability: 6.0
MatMul_10: (MatMul): /job:localhost/replica:0/task:0/device:GPU:0
MatMul_11: (MatMul): /job:localhost/replica:0/task:0/device:GPU:0
MatMul_12: (MatMul): /job:localhost/replica:0/task:0/device:GPU:0
MatMul_13: (MatMul): /job:localhost/replica:0/task:0/device:GPU:0
MatMul_14: (MatMul): /job:localhost/replica:0/task:0/device:GPU:0
MatMul_15: (MatMul): /job:localhost/replica:0/task:0/device:GPU:0
MatMul_16: (MatMul): /job:localhost/replica:0/task:0/device:GPU:0
MatMul_17: (MatMul): /job:localhost/replica:0/task:0/device:GPU:0
MatMul_18: (MatMul): /job:localhost/replica:0/task:0/device:GPU:0
MatMul_19: (MatMul): /job:localhost/replica:0/task:0/device:GPU:0
MatMul: (MatMul): /job:localhost/replica:0/task:0/device:GPU:0
MatMul_1: (MatMul): /job:localhost/replica:0/task:0/device:GPU:0
MatMul_2: (MatMul): /job:localhost/replica:0/task:0/device:GPU:0
MatMul_3: (MatMul): /job:localhost/replica:0/task:0/device:GPU:0
MatMul_4: (MatMul): /job:localhost/replica:0/task:0/device:GPU:0
MatMul_5: (MatMul): /job:localhost/replica:0/task:0/device:GPU:0
MatMul_6: (MatMul): /job:localhost/replica:0/task:0/device:GPU:0
MatMul_7: (MatMul): /job:localhost/replica:0/task:0/device:GPU:0
MatMul_8: (MatMul): /job:localhost/replica:0/task:0/device:GPU:0
MatMul_9: (MatMul): /job:localhost/replica:0/task:0/device:GPU:0
AddN: (AddN): /job:localhost/replica:0/task:0/device:CPU:0
Placeholder_1: (Placeholder): /job:localhost/replica:0/task:0/device:GPU:0
Placeholder: (Placeholder): /job:localhost/replica:0/task:0/device:GPU:0
Device mapping:
/job:localhost/replica:0/task:0/device:GPU:0 -> device: 0, name: Tesla P100-PCIE-16GB, pci bus id: 0000:00:04.0, compute capability: 6.0
/job:localhost/replica:0/task:0/device:GPU:1 -> device: 1, name: Tesla P100-PCIE-16GB, pci bus id: 0000:00:05.0, compute capability: 6.0
MatMul_30: (MatMul): /job:localhost/replica:0/task:0/device:GPU:1
MatMul_31: (MatMul): /job:localhost/replica:0/task:0/device:GPU:1
MatMul_32: (MatMul): /job:localhost/replica:0/task:0/device:GPU:1
MatMul_33: (MatMul): /job:localhost/replica:0/task:0/device:GPU:1
MatMul_34: (MatMul): /job:localhost/replica:0/task:0/device:GPU:1
MatMul_35: (MatMul): /job:localhost/replica:0/task:0/device:GPU:1
MatMul_36: (MatMul): /job:localhost/replica:0/task:0/device:GPU:1
MatMul_37: (MatMul): /job:localhost/replica:0/task:0/device:GPU:1
MatMul_38: (MatMul): /job:localhost/replica:0/task:0/device:GPU:1
MatMul_39: (MatMul): /job:localhost/replica:0/task:0/device:GPU:1
MatMul_20: (MatMul): /job:localhost/replica:0/task:0/device:GPU:0
MatMul_21: (MatMul): /job:localhost/replica:0/task:0/device:GPU:0
MatMul_22: (MatMul): /job:localhost/replica:0/task:0/device:GPU:0
MatMul_23: (MatMul): /job:localhost/replica:0/task:0/device:GPU:0
MatMul_24: (MatMul): /job:localhost/replica:0/task:0/device:GPU:0
MatMul_25: (MatMul): /job:localhost/replica:0/task:0/device:GPU:0
MatMul_26: (MatMul): /job:localhost/replica:0/task:0/device:GPU:0
MatMul_27: (MatMul): /job:localhost/replica:0/task:0/device:GPU:0
MatMul_28: (MatMul): /job:localhost/replica:0/task:0/device:GPU:0
MatMul_29: (MatMul): /job:localhost/replica:0/task:0/device:GPU:0
AddN_1: (AddN): /job:localhost/replica:0/task:0/device:CPU:0
MatMul_10: (MatMul): /job:localhost/replica:0/task:0/device:GPU:0
MatMul_11: (MatMul): /job:localhost/replica:0/task:0/device:GPU:0
MatMul_12: (MatMul): /job:localhost/replica:0/task:0/device:GPU:0
MatMul_13: (MatMul): /job:localhost/replica:0/task:0/device:GPU:0
MatMul_14: (MatMul): /job:localhost/replica:0/task:0/device:GPU:0
MatMul_15: (MatMul): /job:localhost/replica:0/task:0/device:GPU:0
MatMul_16: (MatMul): /job:localhost/replica:0/task:0/device:GPU:0
MatMul_17: (MatMul): /job:localhost/replica:0/task:0/device:GPU:0
MatMul_18: (MatMul): /job:localhost/replica:0/task:0/device:GPU:0
MatMul_19: (MatMul): /job:Single GPU computation time: 0:00:14.477948
Multi GPU computation time: 0:00:00.249207
localhost/replica:0/task:0/device:GPU:0
MatMul: (MatMul): /job:localhost/replica:0/task:0/device:GPU:0
MatMul_1: (MatMul): /job:localhost/replica:0/task:0/device:GPU:0
MatMul_2: (MatMul): /job:localhost/replica:0/task:0/device:GPU:0
MatMul_3: (MatMul): /job:localhost/replica:0/task:0/device:GPU:0
MatMul_4: (MatMul): /job:localhost/replica:0/task:0/device:GPU:0
MatMul_5: (MatMul): /job:localhost/replica:0/task:0/device:GPU:0
MatMul_6: (MatMul): /job:localhost/replica:0/task:0/device:GPU:0
MatMul_7: (MatMul): /job:localhost/replica:0/task:0/device:GPU:0
MatMul_8: (MatMul): /job:localhost/replica:0/task:0/device:GPU:0
MatMul_9: (MatMul): /job:localhost/replica:0/task:0/device:GPU:0
AddN: (AddN): /job:localhost/replica:0/task:0/device:CPU:0
Placeholder_3: (Placeholder): /job:localhost/replica:0/task:0/device:GPU:1
Placeholder_2: (Placeholder): /job:localhost/replica:0/task:0/device:GPU:0
Placeholder_1: (Placeholder): /job:localhost/replica:0/task:0/device:GPU:0
Placeholder: (Placeholder): /job:localhost/replica:0/task:0/device:GPU:0
