python: can't open file 'basic_operations.py': [Errno 2] No such file or directory
