// Jest Snapshot v1, https://goo.gl/fbAQLP

exports[`Shallow Renders InputMetric 1`] = `
<div
  className="input-metric-container"
>
  <TableSectionHeader
    header=""
  />
  <div
    className="input-metric-column-header-container"
  />
</div>
`;
