// Jest Snapshot v1, https://goo.gl/fbAQLP

exports[`Shallow Renders Job List Page 1`] = `
<div
  className="job-list-container"
>
  <JobTable
    isLoaded={false}
    isMount={false}
    jobs={Array []}
    projectName=""
  />
</div>
`;
