[15:21:44] 6513x127 matrix with 143286 entries loaded from ../data/agaricus.txt.train
